// Jest Snapshot v1, https://goo.gl/fbAQLP

exports[`should render Basket correctly 1`] = `
<div
  className="row d-flex justify-content-around"
>
  <Product
    addProduct={[Function]}
    key="1"
    name="Item 1"
    price={100.99}
  />
  <Product
    addProduct={[Function]}
    key="2"
    name="Item 2"
    price={200.99}
  />
  <Product
    addProduct={[Function]}
    key="3"
    name="Item 3"
    price={300.99}
  />
  <Product
    addProduct={[Function]}
    key="4"
    name="Item 4"
    price={499.99}
  />
  <Product
    addProduct={[Function]}
    key="5"
    name="Item 5 "
    price={500.99}
  />
  <Product
    addProduct={[Function]}
    key="6"
    name="Item 6"
    price={600.99}
  />
</div>
`;
